


ARM Macro Assembler    Page 1 


    1 00000000                 AREA             moncode, code
    2 00000000                 export           CalculCarre
    3 00000000         
    4 00000000                 import           TabCos
    5 00000000         
    6 00000000         CalculCarre
                               proc
    7 00000000 F04F 0001       mov              r0, #1
    8 00000004 4900            ldr              r1, =TabCos
    9 00000006 680A            ldr              r2, [r1]
   10 00000008         
   11 00000008                 endp
   12 00000008         
   13 00000008                 end
              00000000 
Command Line: --debug --xref --diag_suppress=9931 --cpu=Cortex-M3 --apcs=interw
ork --depend=.\obj\calculcarre.d -o.\obj\calculcarre.o -I.\RTE\_Simu -IC:\Keil_
v5\ARM\PACK\ARM\CMSIS\5.3.0\CMSIS\Include -IC:\Keil_v5\ARM\PACK\Keil\STM32F1xx_
DFP\2.2.0\Device\Include --predefine="__EVAL SETA 1" --predefine="__MICROLIB SE
TA 1" --predefine="__UVISION_VERSION SETA 525" --predefine="_RTE_ SETA 1" --pre
define="STM32F10X_MD SETA 1" --list=calculcarre.lst CalculCarre.s



ARM Macro Assembler    Page 1 Alphabetic symbol ordering
Relocatable symbols

CalculCarre 00000000

Symbol: CalculCarre
   Definitions
      At line 6 in file CalculCarre.s
   Uses
      At line 2 in file CalculCarre.s
Comment: CalculCarre used once
moncode 00000000

Symbol: moncode
   Definitions
      At line 1 in file CalculCarre.s
   Uses
      None
Comment: moncode unused
2 symbols



ARM Macro Assembler    Page 1 Alphabetic symbol ordering
External symbols

TabCos 00000000

Symbol: TabCos
   Definitions
      At line 4 in file CalculCarre.s
   Uses
      At line 8 in file CalculCarre.s
Comment: TabCos used once
1 symbol
340 symbols in table
