


ARM Macro Assembler    Page 1 


    1 00000000         
    2 00000000         
    3 00000000                 AREA             Mesdonnees, data
    4 00000000         
    5 00000000         
    6 00000000 05      tot     dcb              5
    7 00000001         ;
    8 00000001         ;
    9 00000001                 AREA             monconde, code
   10 00000000                 export           timer_callback
   11 00000000         ;
   12 00000000         ;
   13 00000000         timer_callback
                               proc
   14 00000000         
   15 00000000 4770            bx               lr
   16 00000002                 endp
   17 00000002         
   18 00000002         
   19 00000002         
   20 00000002         
   21 00000002         
   22 00000002 40010C10 
                       GPIOB_BSRR
                               equ              0x40010C10  ; Bit Set/Reset reg
                                                            ister
   23 00000002         ; mise a 1 de PB1
   24 00000002 4B04            ldr              r3, =GPIOB_BSRR
   25 00000004 F04F 0102       mov              r1, #0x00000002
   26 00000008 6019            str              r1, [r3]
   27 0000000A         ; mise a zero de PB1
   28 0000000A 4B02            ldr              r3, =GPIOB_BSRR
   29 0000000C F44F 3100       mov              r1, #0x00020000
   30 00000010 6019            str              r1, [r3]
   31 00000012         ; N.B. le registre BSRR est write-only, on ne peut pas l
                       e relire
   32 00000012         
   33 00000012         
   34 00000012                 end
              00 00 40010C10 
Command Line: --debug --xref --diag_suppress=9931 --cpu=Cortex-M3 --apcs=interw
ork --depend=.\obj\callback.d -o.\obj\callback.o -I.\RTE\_reel -IC:\Keil_v5\ARM
\PACK\ARM\CMSIS\5.3.0\CMSIS\Include -IC:\Keil_v5\ARM\PACK\Keil\STM32F1xx_DFP\2.
2.0\Device\Include --predefine="__EVAL SETA 1" --predefine="__MICROLIB SETA 1" 
--predefine="__UVISION_VERSION SETA 525" --predefine="_RTE_ SETA 1" --predefine
="STM32F10X_MD SETA 1" --list=callback.lst callBack.s



ARM Macro Assembler    Page 1 Alphabetic symbol ordering
Relocatable symbols

Mesdonnees 00000000

Symbol: Mesdonnees
   Definitions
      At line 3 in file callBack.s
   Uses
      None
Comment: Mesdonnees unused
tot 00000000

Symbol: tot
   Definitions
      At line 6 in file callBack.s
   Uses
      None
Comment: tot unused
2 symbols



ARM Macro Assembler    Page 1 Alphabetic symbol ordering
Relocatable symbols

monconde 00000000

Symbol: monconde
   Definitions
      At line 9 in file callBack.s
   Uses
      None
Comment: monconde unused
timer_callback 00000000

Symbol: timer_callback
   Definitions
      At line 13 in file callBack.s
   Uses
      At line 10 in file callBack.s
Comment: timer_callback used once
2 symbols



ARM Macro Assembler    Page 1 Alphabetic symbol ordering
Absolute symbols

GPIOB_BSRR 40010C10

Symbol: GPIOB_BSRR
   Definitions
      At line 22 in file callBack.s
   Uses
      At line 24 in file callBack.s
      At line 28 in file callBack.s

1 symbol
342 symbols in table
