


ARM Macro Assembler    Page 1 


    1 00000000         
    2 00000000 40010C10 
                       GPIOB_BSRR
                               equ              0x40010C10  ; Bit Set/Reset reg
                                                            ister
    3 00000000         
    4 00000000                 AREA             Mesdonnees, data
    5 00000000         
    6 00000000         
    7 00000000 00      tot     dcb              0
    8 00000001         ;
    9 00000001         ;
   10 00000001                 AREA             monconde, code
   11 00000000                 export           timer_callback
   12 00000000         ;
   13 00000000         ;
   14 00000000         timer_callback
                               proc
   15 00000000         
   16 00000000 F8DF A028       LDR              R10,=tot
   17 00000004 F99A 9000       LDRSB            R9,[R10]
   18 00000008 EA6F 0909       MVN              R9,R9
   19 0000000C F88A 9000       STRB             R9,[R10]
   20 00000010         
   21 00000010 F1B9 0F00       CMP              R9,#0
   22 00000014 D004            BEQ              On
   23 00000016         
   24 00000016 4B06            ldr              r3, =GPIOB_BSRR
   25 00000018 F44F 3100       mov              r1, #0x00020000
   26 0000001C 6019            str              r1, [r3]
   27 0000001E         ; N.B. le registre BSRR est write-only, on ne peut pas l
                       e relire
   28 0000001E E003            B                out
   29 00000020         On
   30 00000020         ; mise a 1 de PB1
   31 00000020 4B03            ldr              r3, =GPIOB_BSRR
   32 00000022 F04F 0102       mov              r1, #0x00000002
   33 00000026 6019            str              r1, [r3]
   34 00000028         ; mise a zero de PB1
   35 00000028         
   36 00000028 4770    out     bx               lr
   37 0000002A                 endp
   38 0000002A         
   39 0000002A         
   40 0000002A         
   41 0000002A         
   42 0000002A         
   43 0000002A         
   44 0000002A         
   45 0000002A                 end
              00 00 00000000 
              40010C10 
Command Line: --debug --xref --diag_suppress=9931 --cpu=Cortex-M3 --apcs=interw
ork --depend=.\obj\callback.d -o.\obj\callback.o -I.\RTE\_Simu -IC:\Keil_v5\ARM
\PACK\ARM\CMSIS\5.3.0\CMSIS\Include -IC:\Keil_v5\ARM\PACK\Keil\STM32F1xx_DFP\2.
2.0\Device\Include --predefine="__EVAL SETA 1" --predefine="__MICROLIB SETA 1" 
--predefine="__UVISION_VERSION SETA 525" --predefine="_RTE_ SETA 1" --predefine
="STM32F10X_MD SETA 1" --list=callback.lst callBack.s



ARM Macro Assembler    Page 1 Alphabetic symbol ordering
Relocatable symbols

Mesdonnees 00000000

Symbol: Mesdonnees
   Definitions
      At line 4 in file callBack.s
   Uses
      None
Comment: Mesdonnees unused
tot 00000000

Symbol: tot
   Definitions
      At line 7 in file callBack.s
   Uses
      At line 16 in file callBack.s
Comment: tot used once
2 symbols



ARM Macro Assembler    Page 1 Alphabetic symbol ordering
Relocatable symbols

On 00000020

Symbol: On
   Definitions
      At line 29 in file callBack.s
   Uses
      At line 22 in file callBack.s
Comment: On used once
monconde 00000000

Symbol: monconde
   Definitions
      At line 10 in file callBack.s
   Uses
      None
Comment: monconde unused
out 00000028

Symbol: out
   Definitions
      At line 36 in file callBack.s
   Uses
      At line 28 in file callBack.s
Comment: out used once
timer_callback 00000000

Symbol: timer_callback
   Definitions
      At line 14 in file callBack.s
   Uses
      At line 11 in file callBack.s
Comment: timer_callback used once
4 symbols



ARM Macro Assembler    Page 1 Alphabetic symbol ordering
Absolute symbols

GPIOB_BSRR 40010C10

Symbol: GPIOB_BSRR
   Definitions
      At line 2 in file callBack.s
   Uses
      At line 24 in file callBack.s
      At line 31 in file callBack.s

1 symbol
344 symbols in table
